Archive member included to satisfy reference by file (symbol)

third_party/psyq/lib\libc.a(c25.o)
                              libs/print.o (strcpy)
third_party/psyq/lib\libc.a(c42.o)
                              main.o (memcpy)
third_party/psyq/lib\libgs.a(gs_001.o)
                              libs/constants.o (GsInitGraph)
third_party/psyq/lib\libgs.a(gs_0021.o)
                              libs/constants.o (GsGetActiveBuff)
third_party/psyq/lib\libgs.a(gs_0022.o)
                              third_party/psyq/lib\libgs.a(gs_001.o) (GsSetDrawBuffOffset)
third_party/psyq/lib\libgs.a(gs_003.o)
                              third_party/psyq/lib\libgs.a(gs_001.o) (GsSetDrawBuffClip)
third_party/psyq/lib\libgs.a(gs_010.o)
                              libs/constants.o (GsSwapDispBuff)
third_party/psyq/lib\libgs.a(gs_103.o)
                              libs/constants.o (GsDefDispBuff)
third_party/psyq/lib\libgs.a(gs_104.o)
                              third_party/psyq/lib\libgs.a(gs_001.o) (HWD0)
third_party/psyq/lib\libgs.a(gs_107.o)
                              third_party/psyq/lib\libgs.a(gs_001.o) (GsLIGHTWSMATRIX)
third_party/psyq/lib\libgs.a(gs_111.o)
                              libs/constants.o (GsDrawOt)
third_party/psyq/lib\libgs.a(gs_113.o)
                              libs/constants.o (GsClearOt)
third_party/psyq/lib\libgs.a(gs_121.o)
                              third_party/psyq/lib\libgs.a(gs_001.o) (gte_init)
third_party/psyq/lib\libgs.a(gs_128.o)
                              third_party/psyq/lib\libgs.a(gs_001.o) (GsIDMATRIX)
third_party/psyq/lib\libgte.a(msc00.o)
                              third_party/psyq/lib\libgs.a(gs_121.o) (InitGeom)
third_party/psyq/lib\libgte.a(msc01.o)
                              third_party/psyq/lib\libgs.a(gs_107.o) (SquareRoot0)
third_party/psyq/lib\libgte.a(mtx_11.o)
                              third_party/psyq/lib\libgs.a(gs_107.o) (SetColorMatrix)
third_party/psyq/lib\libgte.a(patchgte.o)
                              third_party/psyq/lib\libgte.a(msc00.o) (_patch_gte)
third_party/psyq/lib\libgte.a(reg11.o)
                              third_party/psyq/lib\libgs.a(gs_121.o) (SetFarColor)
third_party/psyq/lib\libgte.a(reg12.o)
                              third_party/psyq/lib\libgs.a(gs_0022.o) (SetGeomOffset)
third_party/psyq/lib\libgte.a(sqrtbl.o)
                              third_party/psyq/lib\libgte.a(msc01.o) (SQRT)
third_party/psyq/lib\libgpu.a(font.o)
                              libs/constants.o (FntFlush)
third_party/psyq/lib\libgpu.a(p06.o)
                              third_party/psyq/lib\libgs.a(gs_001.o) (AddPrim)
third_party/psyq/lib\libgpu.a(p09.o)
                              third_party/psyq/lib\libgpu.a(font.o) (TermPrim)
third_party/psyq/lib\libgpu.a(p10.o)
                              third_party/psyq/lib\libgpu.a(font.o) (SetSemiTrans)
third_party/psyq/lib\libgpu.a(p20.o)
                              third_party/psyq/lib\libgpu.a(font.o) (SetSprt8)
third_party/psyq/lib\libgpu.a(p26.o)
                              third_party/psyq/lib\libgpu.a(font.o) (SetTile)
third_party/psyq/lib\libgpu.a(p27.o)
                              libs/constants.o (SetLineF2)
third_party/psyq/lib\libgpu.a(p41.o)
                              third_party/psyq/lib\libgpu.a(font.o) (SetDrawMode)
third_party/psyq/lib\libgpu.a(sys.o)
                              third_party/psyq/lib\libgs.a(gs_001.o) (ResetGraph)
third_party/psyq/lib\libgpu.a(e00.o)
                              third_party/psyq/lib\libgpu.a(font.o) (LoadTPage)
third_party/psyq/lib\libgpu.a(e02.o)
                              third_party/psyq/lib\libgpu.a(font.o) (LoadClut2)
third_party/psyq/lib\libgpu.a(p00.o)
                              third_party/psyq/lib\libgpu.a(e00.o) (GetTPage)
third_party/psyq/lib\libgpu.a(p01.o)
                              third_party/psyq/lib\libgpu.a(e02.o) (GetClut)
third_party/psyq/lib\libetc.a(intr.o)
                              third_party/psyq/lib\libgpu.a(sys.o) (SetIntrMask)
third_party/psyq/lib\libetc.a(intr_dma.o)
                              third_party/psyq/lib\libetc.a(intr.o) (startIntrDMA)
third_party/psyq/lib\libetc.a(intr_vb.o)
                              third_party/psyq/lib\libetc.a(intr.o) (startIntrVSync)
third_party/psyq/lib\libetc.a(pad.o)
                              libs/controller.o (PadRead)
third_party/psyq/lib\libetc.a(vmode.o)
                              third_party/psyq/lib\libgs.a(gs_001.o) (GetVideoMode)
third_party/psyq/lib\libetc.a(vsync.o)
                              libs/constants.o (VSync)
third_party/psyq/lib\libapi.a(a22.o)
                              third_party/psyq/lib\libetc.a(pad.o) (PAD_dr)
third_party/psyq/lib\libapi.a(a23.o)
                              third_party/psyq/lib\libetc.a(intr.o) (ReturnFromException)
third_party/psyq/lib\libapi.a(a24.o)
                              third_party/psyq/lib\libetc.a(intr.o) (ResetEntryInt)
third_party/psyq/lib\libapi.a(a25.o)
                              third_party/psyq/lib\libetc.a(intr.o) (HookEntryInt)
third_party/psyq/lib\libapi.a(a36.o)
                              third_party/psyq/lib\libgte.a(patchgte.o) (EnterCriticalSection)
third_party/psyq/lib\libapi.a(a37.o)
                              third_party/psyq/lib\libgte.a(patchgte.o) (ExitCriticalSection)
third_party/psyq/lib\libapi.a(a91.o)
                              third_party/psyq/lib\libetc.a(intr.o) (ChangeClearPAD)
third_party/psyq/lib\libapi.a(c114.o)
                              third_party/psyq/lib\libetc.a(intr.o) (_96_remove)
third_party/psyq/lib\libapi.a(c68.o)
                              third_party/psyq/lib\libgte.a(patchgte.o) (FlushCache)
third_party/psyq/lib\libapi.a(c73.o)
                              third_party/psyq/lib\libgpu.a(sys.o) (GPU_cw)
third_party/psyq/lib\libapi.a(l10.o)
                              third_party/psyq/lib\libetc.a(intr.o) (ChangeClearRCnt)
third_party/psyq/lib\libapi.a(pad.o)
                              third_party/psyq/lib\libetc.a(pad.o) (PAD_init)
third_party/psyq/lib\libapi.a(patch.o)
                              third_party/psyq/lib\libapi.a(pad.o) (_patch_pad)
third_party/psyq/lib\libapi.a(a18.o)
                              third_party/psyq/lib\libapi.a(pad.o) (InitPAD2)
third_party/psyq/lib\libapi.a(a19.o)
                              third_party/psyq/lib\libapi.a(pad.o) (StartPAD2)
third_party/psyq/lib\libapi.a(a21.o)
                              third_party/psyq/lib\libapi.a(pad.o) (PAD_init2)
third_party/psyq/lib\libapi.a(chclrpad.o)
                              third_party/psyq/lib\libapi.a(pad.o) (_remove_ChgclrPAD)
third_party/psyq/lib\libapi.a(l02.o)
                              third_party/psyq/lib\libapi.a(pad.o) (SysEnqIntRP)
third_party/psyq/lib\libapi.a(l03.o)
                              third_party/psyq/lib\libapi.a(pad.o) (SysDeqIntRP)
third_party/psyq/lib\libc.a(a63.o)
                              third_party/psyq/lib\libetc.a(vsync.o) (puts)
third_party/psyq/lib\libc.a(c19.o)
                              third_party/psyq/lib\libetc.a(intr.o) (setjmp)
third_party/psyq/lib\libc.a(c27.o)
                              third_party/psyq/lib\libgpu.a(font.o) (strlen)
third_party/psyq/lib\libc.a(c43.o)
                              third_party/psyq/lib\libgpu.a(font.o) (memset)
third_party/psyq/lib\libc.a(c63.o)
                              third_party/psyq/lib\libgpu.a(sys.o) (printf)

Discarded input sections

 .text          0x0000000000000000        0x0 third_party/nugget/common/crt0/crt0.o
 .bss           0x0000000000000000        0x0 third_party/nugget/common/crt0/crt0.o
 .MIPS.abiflags
                0x0000000000000000       0x18 third_party/nugget/common/crt0/crt0.o
 .text          0x0000000000000000        0x0 main.o
 .bss           0x0000000000000000        0x0 main.o
 .reginfo       0x0000000000000000       0x18 main.o
 .MIPS.abiflags
                0x0000000000000000       0x18 main.o
 .pdr           0x0000000000000000       0x80 main.o
 .text          0x0000000000000000        0x0 box.o
 .bss           0x0000000000000000        0x0 box.o
 .reginfo       0x0000000000000000       0x18 box.o
 .MIPS.abiflags
                0x0000000000000000       0x18 box.o
 .pdr           0x0000000000000000       0x80 box.o
 .text          0x0000000000000000        0x0 libs/constants.o
 .bss           0x0000000000000000        0x0 libs/constants.o
 .reginfo       0x0000000000000000       0x18 libs/constants.o
 .MIPS.abiflags
                0x0000000000000000       0x18 libs/constants.o
 .pdr           0x0000000000000000      0x180 libs/constants.o
 .text.moveLine
                0x0000000000000000       0x50 libs/constants.o
 .text.initializeOrderingTable
                0x0000000000000000       0x3c libs/constants.o
 .text          0x0000000000000000        0x0 libs/print.o
 .bss           0x0000000000000000        0x0 libs/print.o
 .reginfo       0x0000000000000000       0x18 libs/print.o
 .MIPS.abiflags
                0x0000000000000000       0x18 libs/print.o
 .pdr           0x0000000000000000       0xa0 libs/print.o
 .text.printMessageForever
                0x0000000000000000        0x8 libs/print.o
 .text.clearAllMessages
                0x0000000000000000       0x24 libs/print.o
 .text          0x0000000000000000        0x0 libs/controller.o
 .bss           0x0000000000000000        0x0 libs/controller.o
 .reginfo       0x0000000000000000       0x18 libs/controller.o
 .MIPS.abiflags
                0x0000000000000000       0x18 libs/controller.o
 .pdr           0x0000000000000000       0xc0 libs/controller.o
 .text.padReset
                0x0000000000000000       0x14 libs/controller.o
 .text.padPressed
                0x0000000000000000       0x18 libs/controller.o
 .text.padReleased
                0x0000000000000000       0x18 libs/controller.o
 .sbss.SysPadT  0x0000000000000000        0x4 libs/controller.o
 .sbss.SysPad   0x0000000000000000        0x4 libs/controller.o
 .text          0x0000000000000000       0x80 third_party/psyq/lib\libgs.a(gs_104.o)
 .text          0x0000000000000000      0x570 third_party/psyq/lib\libgs.a(gs_107.o)
 .text          0x0000000000000000       0x90 third_party/psyq/lib\libgte.a(msc01.o)
 .text          0x0000000000000000       0x30 third_party/psyq/lib\libgte.a(mtx_11.o)

Memory Configuration

Name             Origin             Length             Attributes
loader           0x000000008000f800 0x0000000000000800
ram              0x0000000080010000 0x00000000001f0000 xrw
dcache           0x000000001f800000 0x0000000000000400
*default*        0x0000000000000000 0xffffffffffffffff

Linker script and memory map

LOAD third_party/nugget/common/crt0/crt0.o
LOAD main.o
LOAD box.o
LOAD libs/constants.o
LOAD libs/print.o
LOAD libs/controller.o
START GROUP
LOAD third_party/psyq/lib\libapi.a
LOAD third_party/psyq/lib\libc.a
LOAD third_party/psyq/lib\libc2.a
LOAD third_party/psyq/lib\libcard.a
LOAD third_party/psyq/lib\libcd.a
LOAD third_party/psyq/lib\libcomb.a
LOAD third_party/psyq/lib\libgs.a
LOAD third_party/psyq/lib\libgte.a
LOAD third_party/psyq/lib\libgpu.a
LOAD third_party/psyq/lib\libgun.a
LOAD third_party/psyq/lib\libhmd.a
LOAD third_party/psyq/lib\libmath.a
LOAD third_party/psyq/lib\libmcrd.a
LOAD third_party/psyq/lib\libmcx.a
LOAD third_party/psyq/lib\libpad.a
LOAD third_party/psyq/lib\libpress.a
LOAD third_party/psyq/lib\libsio.a
LOAD third_party/psyq/lib\libsnd.a
LOAD third_party/psyq/lib\libspu.a
LOAD third_party/psyq/lib\libtap.a
LOAD third_party/psyq/lib\libetc.a
END GROUP
                0x000000008001f970                __heap_base = __bss_end
                0x0000000000200000                RAM_SIZE = DEFINED (RAM_SIZE)?RAM_SIZE:0x200000
                0x0000000080010000                TLOAD_ADDR = DEFINED (TLOAD_ADDR)?TLOAD_ADDR:0x80010000
                0x0000000080200000                __ram_top = (ORIGIN (ram) + LENGTH (ram))
                0x00000000801fff00                __sp = (__ram_top - 0x100)
                0x000000001f800000                __dcache = ORIGIN (dcache)
                0x000000001f800400                __dcache_top = (ORIGIN (dcache) + LENGTH (dcache))
                0x0000000000006970                __bss_len = (__bss_end - __bss_start)
                0x0000000000006520                __ftext_len = (__ftext_end - __ftext_start)
                0x0000000000002ae0                __fdata_len = (__fdata_end - __fdata_start)
                0x0000000080200000                __stack_start = (ORIGIN (ram) + LENGTH (ram))

.PSX_EXE_Header
                0x000000008000f800      0x800
                0x000000008000f800        0x1 BYTE 0x50
                0x000000008000f801        0x1 BYTE 0x53
                0x000000008000f802        0x1 BYTE 0x2d
                0x000000008000f803        0x1 BYTE 0x58
                0x000000008000f804        0x1 BYTE 0x20
                0x000000008000f805        0x1 BYTE 0x45
                0x000000008000f806        0x1 BYTE 0x58
                0x000000008000f807        0x1 BYTE 0x45
                0x000000008000f808        0x4 LONG 0x0
                0x000000008000f80c        0x4 LONG 0x0
                0x000000008000f810        0x4 LONG 0x80010000 ABSOLUTE (_start)
                0x000000008000f814        0x4 LONG 0x0
                0x000000008000f818        0x4 LONG 0x80010000 TLOAD_ADDR
                0x000000008000f81c        0x4 LONG 0x9000 (__ftext_len + __fdata_len)
                0x000000008000f820        0x4 LONG 0x0
                0x000000008000f824        0x4 LONG 0x0
                0x000000008000f828        0x4 LONG 0x0
                0x000000008000f82c        0x4 LONG 0x0
                0x000000008000f830        0x4 LONG 0x801fff00 DEFINED (_sp)?ABSOLUTE (_sp):__sp
                0x000000008000f834        0x4 LONG 0x0
                0x0000000080010000                . = (. + 0x7c8)
 *fill*         0x000000008000f838      0x7c8 
                0x0000000080010000                __ftext_start = ABSOLUTE (.)

.text           0x0000000080010000     0x6520
 *(.start)
 .start         0x0000000080010000       0x64 third_party/nugget/common/crt0/crt0.o
                0x0000000080010000                _start
 *(.init)
 *(SORT_NONE(.fini))
 *(.text.unlikely .text.*_unlikely .text.unlikely.*)
 *(.text.exit .text.exit.*)
 *(.text.startup .text.startup.*)
 .text.startup.main
                0x0000000080010064       0x30 main.o
                0x0000000080010064                main
 *(.text.hot .text.hot.*)
 *(.text .stub .text.* .gnu.linkonce.t.*)
 .text.update   0x0000000080010094       0x1c main.o
                0x0000000080010094                update
 .text.initialize
                0x00000000800100b0       0x98 main.o
                0x00000000800100b0                initialize
 .text.draw     0x0000000080010148       0x3c main.o
                0x0000000080010148                draw
 .text.box_initialize
                0x0000000080010184       0x68 box.o
                0x0000000080010184                box_initialize
 .text.box_move
                0x00000000800101ec       0x9c box.o
                0x00000000800101ec                box_move
 .text.box_update
                0x0000000080010288       0x6c box.o
                0x0000000080010288                box_update
 .text.box_draw
                0x00000000800102f4       0x64 box.o
                0x00000000800102f4                box_draw
 .text.createLine
                0x0000000080010358       0x8c libs/constants.o
                0x0000000080010358                createLine
 .text.createBox
                0x00000000800103e4       0xe8 libs/constants.o
                0x00000000800103e4                createBox
 .text.moveBox  0x00000000800104cc      0x198 libs/constants.o
                0x00000000800104cc                moveBox
 .text.drawLine
                0x0000000080010664       0x30 libs/constants.o
                0x0000000080010664                drawLine
 .text.drawBox  0x0000000080010694       0x48 libs/constants.o
                0x0000000080010694                drawBox
 .text.setScreenMode
                0x00000000800106dc       0x84 libs/constants.o
                0x00000000800106dc                setScreenMode
 .text.setBackgroundColor
                0x0000000080010760       0x24 libs/constants.o
                0x0000000080010760                setBackgroundColor
 .text.initializeScreen
                0x0000000080010784       0x54 libs/constants.o
                0x0000000080010784                initializeScreen
 .text.initializeDebugFont
                0x00000000800107d8       0x44 libs/constants.o
                0x00000000800107d8                initializeDebugFont
 .text.display  0x000000008001081c       0xbc libs/constants.o
                0x000000008001081c                display
 .text.initPrint
                0x00000000800108d8       0x60 libs/print.o
                0x00000000800108d8                initPrint
 .text.printMessage
                0x0000000080010938       0x88 libs/print.o
                0x0000000080010938                printMessage
 .text.updatePrint
                0x00000000800109c0       0x80 libs/print.o
                0x00000000800109c0                updatePrint
 .text.padUpdate
                0x0000000080010a40       0xa4 libs/controller.o
                0x0000000080010a40                padUpdate
 .text.initializePad
                0x0000000080010ae4        0x8 libs/controller.o
                0x0000000080010ae4                initializePad
 .text.padCheck
                0x0000000080010aec       0x18 libs/controller.o
                0x0000000080010aec                padCheck
 *fill*         0x0000000080010b04        0x4 
 .text          0x0000000080010b08       0x10 third_party/psyq/lib\libc.a(c25.o)
                0x0000000080010b08                strcpy
 .text          0x0000000080010b18       0x10 third_party/psyq/lib\libc.a(c42.o)
                0x0000000080010b18                memcpy
 .text          0x0000000080010b28      0x550 third_party/psyq/lib\libgs.a(gs_001.o)
                0x0000000080010b28                GsInitGraph
                0x0000000080010cb8                GsInitGraph2
                0x0000000080010f40                GsSortClear
 .text          0x0000000080011078       0x10 third_party/psyq/lib\libgs.a(gs_0021.o)
                0x0000000080011078                GsGetActiveBuff
 .text          0x0000000080011088      0x110 third_party/psyq/lib\libgs.a(gs_0022.o)
                0x0000000080011088                GsSetDrawBuffOffset
 .text          0x0000000080011198       0x80 third_party/psyq/lib\libgs.a(gs_003.o)
                0x0000000080011198                GsSetDrawBuffClip
 .text          0x0000000080011218       0xb0 third_party/psyq/lib\libgs.a(gs_010.o)
                0x0000000080011218                GsSwapDispBuff
 .text          0x00000000800112c8       0xa0 third_party/psyq/lib\libgs.a(gs_103.o)
                0x00000000800112c8                GsDefDispBuff
 .text          0x0000000080011368       0x30 third_party/psyq/lib\libgs.a(gs_111.o)
                0x0000000080011368                GsDrawOt
 .text          0x0000000080011398       0x60 third_party/psyq/lib\libgs.a(gs_113.o)
                0x0000000080011398                GsClearOt
 .text          0x00000000800113f8       0x50 third_party/psyq/lib\libgs.a(gs_121.o)
                0x00000000800113f8                gte_init
 .text          0x0000000080011448       0x90 third_party/psyq/lib\libgte.a(msc00.o)
                0x0000000080011450                InitGeom
 .text          0x00000000800114d8       0xe0 third_party/psyq/lib\libgte.a(patchgte.o)
                0x00000000800114d8                _patch_gte
 .text          0x00000000800115b8       0x20 third_party/psyq/lib\libgte.a(reg11.o)
                0x00000000800115b8                SetFarColor
 .text          0x00000000800115d8       0x20 third_party/psyq/lib\libgte.a(reg12.o)
                0x00000000800115d8                SetGeomOffset
 .text          0x00000000800115f8      0xa80 third_party/psyq/lib\libgpu.a(font.o)
                0x00000000800115f8                SetDumpFnt
                0x0000000080011638                FntLoad
                0x00000000800116d8                FntOpen
                0x0000000080011994                FntFlush
                0x0000000080011cb0                FntPrint
 .text          0x0000000080012078       0x40 third_party/psyq/lib\libgpu.a(p06.o)
                0x0000000080012078                AddPrim
 .text          0x00000000800120b8       0x20 third_party/psyq/lib\libgpu.a(p09.o)
                0x00000000800120b8                TermPrim
 .text          0x00000000800120d8       0x30 third_party/psyq/lib\libgpu.a(p10.o)
                0x00000000800120d8                SetSemiTrans
 .text          0x0000000080012108       0x20 third_party/psyq/lib\libgpu.a(p20.o)
                0x0000000080012108                SetSprt8
 .text          0x0000000080012128       0x20 third_party/psyq/lib\libgpu.a(p26.o)
                0x0000000080012128                SetTile
 .text          0x0000000080012148       0x20 third_party/psyq/lib\libgpu.a(p27.o)
                0x0000000080012148                SetLineF2
 .text          0x0000000080012168       0xa0 third_party/psyq/lib\libgpu.a(p41.o)
                0x0000000080012168                SetDrawMode
 .text          0x0000000080012208     0x2f00 third_party/psyq/lib\libgpu.a(sys.o)
                0x0000000080012208                ResetGraph
                0x000000008001237c                SetGraphDebug
                0x00000000800123d8                SetGraphQueue
                0x000000008001247c                GetGraphDebug
                0x000000008001248c                DrawSyncCallback
                0x00000000800124ec                SetDispMask
                0x0000000080012584                DrawSync
                0x0000000080012708                ClearImage
                0x0000000080012798                ClearImage2
                0x0000000080012830                LoadImage
                0x0000000080012890                StoreImage
                0x00000000800128f0                MoveImage
                0x00000000800129a8                ClearOTag
                0x0000000080012a70                ClearOTagR
                0x0000000080012b1c                DrawPrim
                0x0000000080012b78                DrawOTag
                0x0000000080012be8                PutDrawEnv
                0x0000000080012ca8                DrawOTagEnv
                0x0000000080012d80                GetDrawEnv
                0x0000000080012db4                PutDispEnv
                0x00000000800132ac                GetDispEnv
                0x00000000800132e0                GetODE
                0x0000000080013310                SetDrawArea
                0x0000000080013390                SetDrawOffset
                0x00000000800133d0                SetDrawEnv
                0x0000000080014ca0                LoadImage2
                0x0000000080014d8c                StoreImage2
                0x0000000080014e78                MoveImage2
                0x0000000080014fbc                DrawOTag2
                0x00000000800150b8                _GPU_ResetCallback
 .text          0x0000000080015108       0xf0 third_party/psyq/lib\libgpu.a(e00.o)
                0x0000000080015108                LoadTPage
 .text          0x00000000800151f8       0x70 third_party/psyq/lib\libgpu.a(e02.o)
                0x00000000800151f8                LoadClut2
 .text          0x0000000080015268       0x40 third_party/psyq/lib\libgpu.a(p00.o)
                0x0000000080015268                GetTPage
 .text          0x00000000800152a8       0x20 third_party/psyq/lib\libgpu.a(p01.o)
                0x00000000800152a8                GetClut
 .text          0x00000000800152c8      0x6c0 third_party/psyq/lib\libetc.a(intr.o)
                0x00000000800152c8                ResetCallback
                0x00000000800152f8                InterruptCallback
                0x0000000080015328                DMACallback
                0x0000000080015358                VSyncCallback
                0x000000008001538c                VSyncCallbacks
                0x00000000800153bc                StopCallback
                0x00000000800153ec                RestartCallback
                0x000000008001541c                CheckCallback
                0x000000008001542c                GetIntrMask
                0x0000000080015444                SetIntrMask
 .text          0x0000000080015988      0x2a0 third_party/psyq/lib\libetc.a(intr_dma.o)
                0x0000000080015988                startIntrDMA
 .text          0x0000000080015c28      0x120 third_party/psyq/lib\libetc.a(intr_vb.o)
                0x0000000080015c28                startIntrVSync
 .text          0x0000000080015d48       0x80 third_party/psyq/lib\libetc.a(pad.o)
                0x0000000080015d48                PadInit
                0x0000000080015d94                PadRead
 .text          0x0000000080015dc8       0x30 third_party/psyq/lib\libetc.a(vmode.o)
                0x0000000080015dc8                SetVideoMode
                0x0000000080015ddc                GetVideoMode
 .text          0x0000000080015df8      0x210 third_party/psyq/lib\libetc.a(vsync.o)
                0x0000000080015df8                VSync
 .text          0x0000000080016008       0x10 third_party/psyq/lib\libapi.a(a22.o)
                0x0000000080016008                PAD_dr
 .text          0x0000000080016018       0x10 third_party/psyq/lib\libapi.a(a23.o)
                0x0000000080016018                ReturnFromException
 .text          0x0000000080016028       0x10 third_party/psyq/lib\libapi.a(a24.o)
                0x0000000080016028                ResetEntryInt
 .text          0x0000000080016038       0x10 third_party/psyq/lib\libapi.a(a25.o)
                0x0000000080016038                HookEntryInt
 .text          0x0000000080016048       0x10 third_party/psyq/lib\libapi.a(a36.o)
                0x0000000080016048                EnterCriticalSection
 .text          0x0000000080016058       0x10 third_party/psyq/lib\libapi.a(a37.o)
                0x0000000080016058                ExitCriticalSection
 .text          0x0000000080016068       0x10 third_party/psyq/lib\libapi.a(a91.o)
                0x0000000080016068                ChangeClearPAD
 .text          0x0000000080016078       0x20 third_party/psyq/lib\libapi.a(c114.o)
                0x0000000080016080                _96_remove
 .text          0x0000000080016098       0x10 third_party/psyq/lib\libapi.a(c68.o)
                0x0000000080016098                FlushCache
 .text          0x00000000800160a8       0x10 third_party/psyq/lib\libapi.a(c73.o)
                0x00000000800160a8                GPU_cw
 .text          0x00000000800160b8       0x10 third_party/psyq/lib\libapi.a(l10.o)
                0x00000000800160b8                ChangeClearRCnt
 .text          0x00000000800160c8      0x290 third_party/psyq/lib\libapi.a(pad.o)
                0x00000000800160c8                SetInitPadFlag
                0x00000000800160d4                ReadInitPadFlag
                0x00000000800160e4                PAD_init
                0x0000000080016174                InitPAD
                0x0000000080016204                StartPAD
 .text          0x0000000080016358       0xa0 third_party/psyq/lib\libapi.a(patch.o)
                0x0000000080016358                EnablePAD
                0x000000008001636c                DisablePAD
                0x0000000080016380                _patch_pad
 .text          0x00000000800163f8       0x10 third_party/psyq/lib\libapi.a(a18.o)
                0x00000000800163f8                InitPAD2
 .text          0x0000000080016408       0x10 third_party/psyq/lib\libapi.a(a19.o)
                0x0000000080016408                StartPAD2
 .text          0x0000000080016418       0x10 third_party/psyq/lib\libapi.a(a21.o)
                0x0000000080016418                PAD_init2
 .text          0x0000000080016428       0x70 third_party/psyq/lib\libapi.a(chclrpad.o)
                0x0000000080016428                _remove_ChgclrPAD
 .text          0x0000000080016498       0x10 third_party/psyq/lib\libapi.a(l02.o)
                0x0000000080016498                SysEnqIntRP
 .text          0x00000000800164a8       0x10 third_party/psyq/lib\libapi.a(l03.o)
                0x00000000800164a8                SysDeqIntRP
 .text          0x00000000800164b8       0x20 third_party/psyq/lib\libc.a(a63.o)
                0x00000000800164c0                puts
 .text          0x00000000800164d8       0x10 third_party/psyq/lib\libc.a(c19.o)
                0x00000000800164d8                setjmp
 .text          0x00000000800164e8       0x10 third_party/psyq/lib\libc.a(c27.o)
                0x00000000800164e8                strlen
 .text          0x00000000800164f8       0x10 third_party/psyq/lib\libc.a(c43.o)
                0x00000000800164f8                memset
 .text          0x0000000080016508       0x10 third_party/psyq/lib\libc.a(c63.o)
                0x0000000080016508                printf
                0x0000000080016520                . = ALIGN (0x10)
 *fill*         0x0000000080016518        0x8 
 *(.init)
                0x0000000080016520                . = ALIGN (0x10)
 *(.fini)
                0x0000000080016520                . = ALIGN (0x10)
                0x0000000080016520                __text_end = .
                0x0000000080016520                __ftext_end = ABSOLUTE (.)
                0x0000000080016520                __fdata_start = ABSOLUTE (.)

.rodata         0x0000000080016520      0x3d0
 *(.rodata .rodata.* .rdata .rdata.* .gnu.linkonce.r.*)
 .rodata        0x0000000080016520       0x10 third_party/nugget/common/crt0/crt0.o
 .rodata.initialize.str1.4
                0x0000000080016530        0x5 main.o
 *fill*         0x0000000080016535        0x3 
 .rodata.box_update.str1.4
                0x0000000080016538       0x37 box.o
 .rodata.initPrint.str1.4
                0x000000008001656f       0x37 libs/print.o
                                          0x1 (size before relaxing)
 *fill*         0x000000008001656f        0x1 
 .rodata.updatePrint.str1.4
                0x0000000080016570        0x4 libs/print.o
 *fill*         0x0000000080016574        0x4 
 .rdata         0x0000000080016578       0xa0 third_party/psyq/lib\libgpu.a(font.o)
 .rdata         0x0000000080016618      0x220 third_party/psyq/lib\libgpu.a(sys.o)
 .rdata         0x0000000080016838       0x70 third_party/psyq/lib\libetc.a(intr.o)
 .rdata         0x00000000800168a8       0x30 third_party/psyq/lib\libetc.a(intr_dma.o)
 .rdata         0x00000000800168d8       0x10 third_party/psyq/lib\libetc.a(vsync.o)
                0x00000000800168f0                . = ALIGN (0x10)
 *fill*         0x00000000800168e8        0x8 
                0x00000000800168f0                __preinit_array_start = .
 *(.preinit_array)
                0x00000000800168f0                __preinit_array_end = .
                0x00000000800168f0                . = ALIGN (0x10)
                0x00000000800168f0                __init_array_start = .
 *(SORT_BY_NAME(.init_array.*))
 *(.init_array)
                0x00000000800168f0                . = ALIGN (0x10)
 *crtbegin.o(.ctors)
 *(EXCLUDE_FILE(*crtend.o) .ctors)
 *(SORT_BY_NAME(.ctors.*))
 *crtend.o(.ctors)
                0x00000000800168f0                __init_array_end = .
                0x00000000800168f0                . = ALIGN (0x10)
                0x00000000800168f0                __fini_array_start = .
 *(.fini_array)
 *(SORT_BY_NAME(.fini_array.*))
 *crtbegin.o(.dtors)
 *(EXCLUDE_FILE(*crtend.o) .dtors)
 *(SORT_BY_NAME(.dtors.*))
 *crtend.o(.dtors)
                0x00000000800168f0                __fini_array_end = .
                0x00000000800168f0                __build_id = .
 *(.note.gnu.build-id)
                0x00000000800168f0                __build_id_end = .

.rel.dyn        0x00000000800168f0        0x0
 .rel.dyn       0x00000000800168f0        0x0 third_party/psyq/lib\libgpu.a(sys.o)

.rodata1
 *(.rodata1)
                0x00000000800168f0                __data_start = .

.data           0x00000000800168f0     0x2710
 *(.data .data.* .gnu.linkonce.d.*)
 .data          0x00000000800168f0        0x0 third_party/nugget/common/crt0/crt0.o
 .data          0x00000000800168f0        0x0 main.o
 .data          0x00000000800168f0        0x0 box.o
 .data.first_time.0
                0x00000000800168f0        0x4 box.o
 .data          0x00000000800168f4        0x0 libs/constants.o
 .data          0x00000000800168f4        0x0 libs/print.o
 .data          0x00000000800168f4        0x0 libs/controller.o
 *fill*         0x00000000800168f4        0x4 50414444
 .data          0x00000000800168f8       0x10 third_party/psyq/lib\libgs.a(gs_001.o)
 .data          0x0000000080016908       0x10 third_party/psyq/lib\libgte.a(msc00.o)
 .data          0x0000000080016918      0x180 third_party/psyq/lib\libgte.a(sqrtbl.o)
                0x0000000080016918                SQRT
 .data          0x0000000080016a98      0xb90 third_party/psyq/lib\libgpu.a(font.o)
                0x0000000080016a98                Font
 .data          0x0000000080017628      0x1a0 third_party/psyq/lib\libgpu.a(sys.o)
                0x0000000080017674                GPU_printf
                0x0000000080017678                GEnv
                0x00000000800177a0                _qin
                0x00000000800177a4                _qout
 .data          0x00000000800177c8     0x1100 third_party/psyq/lib\libetc.a(intr.o)
 .data          0x00000000800188c8       0x30 third_party/psyq/lib\libetc.a(intr_dma.o)
 .data          0x00000000800188f8       0x30 third_party/psyq/lib\libetc.a(intr_vb.o)
                0x0000000080018918                Vcount
 .data          0x0000000080018928       0x10 third_party/psyq/lib\libetc.a(vmode.o)
 .data          0x0000000080018938       0x20 third_party/psyq/lib\libetc.a(vsync.o)
                0x0000000080018948                Hcount
 .data          0x0000000080018958       0x10 third_party/psyq/lib\libapi.a(pad.o)
 *(.data1)
 *(.sdata .sdata.* .gnu.linkonce.s.*)
 *(.sdata2 .sdata2.* .gnu.linkonce.s2.*)
 *(.got.plt)
 *(.got)
                0x0000000080019000                . = ALIGN (0x800)
 *fill*         0x0000000080018968      0x698 50414444
                0x0000000080019000                __data_end = .
                0x0000000080019000                __fdata_end = .
                0x0000000080019000                __bss_start = .

.sbss           0x0000000080019000     0x6970
 *(.dynsbss)
 *(.sbss .sbss.* .gnu.linkonce.sb.*)
 .sbss.currentBuffer
                0x0000000080019000        0x2 libs/constants.o
                0x0000000080019000                currentBuffer
 *fill*         0x0000000080019002        0x2 
 .sbss.SCREEN_HEIGHT
                0x0000000080019004        0x4 libs/constants.o
                0x0000000080019004                SCREEN_HEIGHT
 .sbss.SCREEN_WIDTH
                0x0000000080019008        0x4 libs/constants.o
                0x0000000080019008                SCREEN_WIDTH
 .sbss.pad_released
                0x000000008001900c        0x8 libs/controller.o
                0x000000008001900c                pad_released
 .sbss.pad_pressed
                0x0000000080019014        0x8 libs/controller.o
                0x0000000080019014                pad_pressed
 .sbss.pad_raw  0x000000008001901c        0x8 libs/controller.o
                0x000000008001901c                pad_raw
 *(.scommon)
 *(.dynbss)
 *(.bss .bss.* .gnu.linkonce.b.*)
 .bss.line      0x0000000080019024       0x14 main.o
                0x0000000080019024                line
 .bss.box_y     0x0000000080019038        0x4 box.o
 .bss.box_x     0x000000008001903c        0x4 box.o
 .bss.box       0x0000000080019040       0x54 box.o
 .bss.systemBackgroundColor
                0x0000000080019094        0xc libs/constants.o
                0x0000000080019094                systemBackgroundColor
 .bss.orderingTable
                0x00000000800190a0       0x28 libs/constants.o
                0x00000000800190a0                orderingTable
 .bss.messages  0x00000000800190c8      0xa50 libs/print.o
 .bss.prev.0    0x0000000080019b18        0x8 libs/controller.o
 .bss           0x0000000080019b20       0xea third_party/psyq/lib\libgs.a(gs_001.o)
                0x0000000080019b40                PSDIDX
                0x0000000080019b48                GsDRAWENV
                0x0000000080019ba8                GsDISPENV
                0x0000000080019bc0                PSDGPU
                0x0000000080019bc8                PSDBASEX
                0x0000000080019bd0                PSDBASEY
                0x0000000080019bd8                POSITION
                0x0000000080019be0                CLIP2
                0x0000000080019be8                PSDCNT
                0x0000000080019bf0                PSDOFSX
                0x0000000080019bf8                PSDOFSY
                0x0000000080019c00                GsORGOFSX
                0x0000000080019c08                GsORGOFSY
 *fill*         0x0000000080019c0a        0x6 
 .bss           0x0000000080019c10       0x24 third_party/psyq/lib\libgs.a(gs_104.o)
                0x0000000080019c10                HWD0
                0x0000000080019c18                VWD0
                0x0000000080019c20                GsCLIP3near
                0x0000000080019c28                GsLIGHT_MODE
                0x0000000080019c30                GsCLIP3far
 *fill*         0x0000000080019c34        0x4 
 .bss           0x0000000080019c38       0x40 third_party/psyq/lib\libgs.a(gs_107.o)
                0x0000000080019c38                GsLIGHTWSMATRIX
                0x0000000080019c58                _LC
 .bss           0x0000000080019c78       0x40 third_party/psyq/lib\libgs.a(gs_128.o)
                0x0000000080019c78                GsIDMATRIX
                0x0000000080019c98                GsIDMATRIX2
 .bss           0x0000000080019cb8       0x10 third_party/psyq/lib\libgte.a(patchgte.o)
 .bss           0x0000000080019cc8     0x4410 third_party/psyq/lib\libgpu.a(font.o)
 .bss           0x000000008001e0d8     0x1850 third_party/psyq/lib\libgpu.a(sys.o)
                0x000000008001e128                _que
 .bss           0x000000008001f928       0x14 third_party/psyq/lib\libetc.a(pad.o)
                0x000000008001f938                PadIdentifier
 *fill*         0x000000008001f93c        0x4 
 .bss           0x000000008001f940       0x10 third_party/psyq/lib\libapi.a(pad.o)
                0x000000008001f940                _apiPadPatch
 .bss           0x000000008001f950       0x10 third_party/psyq/lib\libapi.a(patch.o)
 .bss           0x000000008001f960       0x10 third_party/psyq/lib\libapi.a(chclrpad.o)
 *(COMMON)
                0x000000008001f970                . = ALIGN (0x4)
                0x000000008001f970                __bss_end = .
                0x000000008001f970                __heap_start = __heap_base
                0x000000008000f800                . = (ADDR (.text) - 0x800)
                0x000000008000f800                __end = .

/DISCARD/
 *(.MIPS.abiflags)

/DISCARD/
 *(.rel.iplt)
 *(.rela.iplt)
 *(.rel.plt)
 *(.rela.plt)
 *(.plt)
 *(.iplt)

/DISCARD/
 *(.note.GNU-stack)
 *(.gnu_debuglink)
 *(.gnu.lto_*)

.scratchpad
 *(.scratchpad)
OUTPUT(CH1.elf elf32-littlemips)

.reginfo        0x0000000000000000       0x18
 .reginfo       0x0000000000000000       0x18 third_party/nugget/common/crt0/crt0.o

.pdr            0x0000000000000000        0x0
 .pdr           0x0000000000000000        0x0 third_party/nugget/common/crt0/crt0.o

.gnu.attributes
                0x0000000000000000       0x10
 .gnu.attributes
                0x0000000000000000       0x10 third_party/nugget/common/crt0/crt0.o
 .gnu.attributes
                0x0000000000000010       0x10 main.o
 .gnu.attributes
                0x0000000000000020       0x10 box.o
 .gnu.attributes
                0x0000000000000030       0x10 libs/constants.o
 .gnu.attributes
                0x0000000000000040       0x10 libs/print.o
 .gnu.attributes
                0x0000000000000050       0x10 libs/controller.o

.mdebug.abi32   0x0000000000000000        0x0
 .mdebug.abi32  0x0000000000000000        0x0 main.o
 .mdebug.abi32  0x0000000000000000        0x0 box.o
 .mdebug.abi32  0x0000000000000000        0x0 libs/constants.o
 .mdebug.abi32  0x0000000000000000        0x0 libs/print.o
 .mdebug.abi32  0x0000000000000000        0x0 libs/controller.o

.comment        0x0000000000000000       0x12
 .comment       0x0000000000000000       0x12 main.o
                                         0x13 (size before relaxing)
 .comment       0x0000000000000012       0x13 box.o
 .comment       0x0000000000000012       0x13 libs/constants.o
 .comment       0x0000000000000012       0x13 libs/print.o
 .comment       0x0000000000000012       0x13 libs/controller.o

.note           0x0000000000000000     0x1d00
 .note          0x0000000000000000       0x74 third_party/psyq/lib\libc.a(c25.o)
 .note          0x0000000000000074       0x74 third_party/psyq/lib\libc.a(c42.o)
 .note          0x00000000000000e8       0x74 third_party/psyq/lib\libgs.a(gs_001.o)
 .note          0x000000000000015c       0x74 third_party/psyq/lib\libgs.a(gs_0021.o)
 .note          0x00000000000001d0       0x74 third_party/psyq/lib\libgs.a(gs_0022.o)
 .note          0x0000000000000244       0x74 third_party/psyq/lib\libgs.a(gs_003.o)
 .note          0x00000000000002b8       0x74 third_party/psyq/lib\libgs.a(gs_010.o)
 .note          0x000000000000032c       0x74 third_party/psyq/lib\libgs.a(gs_103.o)
 .note          0x00000000000003a0       0x74 third_party/psyq/lib\libgs.a(gs_104.o)
 .note          0x0000000000000414       0x74 third_party/psyq/lib\libgs.a(gs_107.o)
 .note          0x0000000000000488       0x74 third_party/psyq/lib\libgs.a(gs_111.o)
 .note          0x00000000000004fc       0x74 third_party/psyq/lib\libgs.a(gs_113.o)
 .note          0x0000000000000570       0x74 third_party/psyq/lib\libgs.a(gs_121.o)
 .note          0x00000000000005e4       0x74 third_party/psyq/lib\libgs.a(gs_128.o)
 .note          0x0000000000000658       0x74 third_party/psyq/lib\libgte.a(msc00.o)
 .note          0x00000000000006cc       0x74 third_party/psyq/lib\libgte.a(msc01.o)
 .note          0x0000000000000740       0x74 third_party/psyq/lib\libgte.a(mtx_11.o)
 .note          0x00000000000007b4       0x74 third_party/psyq/lib\libgte.a(patchgte.o)
 .note          0x0000000000000828       0x74 third_party/psyq/lib\libgte.a(reg11.o)
 .note          0x000000000000089c       0x74 third_party/psyq/lib\libgte.a(reg12.o)
 .note          0x0000000000000910       0x74 third_party/psyq/lib\libgte.a(sqrtbl.o)
 .note          0x0000000000000984       0x74 third_party/psyq/lib\libgpu.a(font.o)
 .note          0x00000000000009f8       0x74 third_party/psyq/lib\libgpu.a(p06.o)
 .note          0x0000000000000a6c       0x74 third_party/psyq/lib\libgpu.a(p09.o)
 .note          0x0000000000000ae0       0x74 third_party/psyq/lib\libgpu.a(p10.o)
 .note          0x0000000000000b54       0x74 third_party/psyq/lib\libgpu.a(p20.o)
 .note          0x0000000000000bc8       0x74 third_party/psyq/lib\libgpu.a(p26.o)
 .note          0x0000000000000c3c       0x74 third_party/psyq/lib\libgpu.a(p27.o)
 .note          0x0000000000000cb0       0x74 third_party/psyq/lib\libgpu.a(p41.o)
 .note          0x0000000000000d24       0x74 third_party/psyq/lib\libgpu.a(sys.o)
 .note          0x0000000000000d98       0x74 third_party/psyq/lib\libgpu.a(e00.o)
 .note          0x0000000000000e0c       0x74 third_party/psyq/lib\libgpu.a(e02.o)
 .note          0x0000000000000e80       0x74 third_party/psyq/lib\libgpu.a(p00.o)
 .note          0x0000000000000ef4       0x74 third_party/psyq/lib\libgpu.a(p01.o)
 .note          0x0000000000000f68       0x74 third_party/psyq/lib\libetc.a(intr.o)
 .note          0x0000000000000fdc       0x74 third_party/psyq/lib\libetc.a(intr_dma.o)
 .note          0x0000000000001050       0x74 third_party/psyq/lib\libetc.a(intr_vb.o)
 .note          0x00000000000010c4       0x74 third_party/psyq/lib\libetc.a(pad.o)
 .note          0x0000000000001138       0x74 third_party/psyq/lib\libetc.a(vmode.o)
 .note          0x00000000000011ac       0x74 third_party/psyq/lib\libetc.a(vsync.o)
 .note          0x0000000000001220       0x74 third_party/psyq/lib\libapi.a(a22.o)
 .note          0x0000000000001294       0x74 third_party/psyq/lib\libapi.a(a23.o)
 .note          0x0000000000001308       0x74 third_party/psyq/lib\libapi.a(a24.o)
 .note          0x000000000000137c       0x74 third_party/psyq/lib\libapi.a(a25.o)
 .note          0x00000000000013f0       0x74 third_party/psyq/lib\libapi.a(a36.o)
 .note          0x0000000000001464       0x74 third_party/psyq/lib\libapi.a(a37.o)
 .note          0x00000000000014d8       0x74 third_party/psyq/lib\libapi.a(a91.o)
 .note          0x000000000000154c       0x74 third_party/psyq/lib\libapi.a(c114.o)
 .note          0x00000000000015c0       0x74 third_party/psyq/lib\libapi.a(c68.o)
 .note          0x0000000000001634       0x74 third_party/psyq/lib\libapi.a(c73.o)
 .note          0x00000000000016a8       0x74 third_party/psyq/lib\libapi.a(l10.o)
 .note          0x000000000000171c       0x74 third_party/psyq/lib\libapi.a(pad.o)
 .note          0x0000000000001790       0x74 third_party/psyq/lib\libapi.a(patch.o)
 .note          0x0000000000001804       0x74 third_party/psyq/lib\libapi.a(a18.o)
 .note          0x0000000000001878       0x74 third_party/psyq/lib\libapi.a(a19.o)
 .note          0x00000000000018ec       0x74 third_party/psyq/lib\libapi.a(a21.o)
 .note          0x0000000000001960       0x74 third_party/psyq/lib\libapi.a(chclrpad.o)
 .note          0x00000000000019d4       0x74 third_party/psyq/lib\libapi.a(l02.o)
 .note          0x0000000000001a48       0x74 third_party/psyq/lib\libapi.a(l03.o)
 .note          0x0000000000001abc       0x74 third_party/psyq/lib\libc.a(a63.o)
 .note          0x0000000000001b30       0x74 third_party/psyq/lib\libc.a(c19.o)
 .note          0x0000000000001ba4       0x74 third_party/psyq/lib\libc.a(c27.o)
 .note          0x0000000000001c18       0x74 third_party/psyq/lib\libc.a(c43.o)
 .note          0x0000000000001c8c       0x74 third_party/psyq/lib\libc.a(c63.o)

.debug_line     0x0000000000000000      0xb24
 .debug_line    0x0000000000000000       0x5b third_party/nugget/common/crt0/crt0.o
 .debug_line    0x000000000000005b      0x180 main.o
 .debug_line    0x00000000000001db      0x187 box.o
 .debug_line    0x0000000000000362      0x454 libs/constants.o
 .debug_line    0x00000000000007b6      0x1cd libs/print.o
 .debug_line    0x0000000000000983      0x1a1 libs/controller.o

.debug_line_str
                0x0000000000000000       0x26
 .debug_line_str
                0x0000000000000000       0x26 third_party/nugget/common/crt0/crt0.o
                                         0x4c (size before relaxing)

.debug_info     0x0000000000000000     0x1a51
 .debug_info    0x0000000000000000       0x24 third_party/nugget/common/crt0/crt0.o
 .debug_info    0x0000000000000024      0x484 main.o
 .debug_info    0x00000000000004a8      0x484 box.o
 .debug_info    0x000000000000092c      0xcb3 libs/constants.o
 .debug_info    0x00000000000015df      0x24a libs/print.o
 .debug_info    0x0000000000001829      0x228 libs/controller.o

.debug_abbrev   0x0000000000000000      0xab8
 .debug_abbrev  0x0000000000000000       0x14 third_party/nugget/common/crt0/crt0.o
 .debug_abbrev  0x0000000000000014      0x22e main.o
 .debug_abbrev  0x0000000000000242      0x242 box.o
 .debug_abbrev  0x0000000000000484      0x343 libs/constants.o
 .debug_abbrev  0x00000000000007c7      0x151 libs/print.o
 .debug_abbrev  0x0000000000000918      0x1a0 libs/controller.o

.debug_aranges  0x0000000000000000      0x190
 .debug_aranges
                0x0000000000000000       0x20 third_party/nugget/common/crt0/crt0.o
 .debug_aranges
                0x0000000000000020       0x38 main.o
 .debug_aranges
                0x0000000000000058       0x38 box.o
 .debug_aranges
                0x0000000000000090       0x78 libs/constants.o
 .debug_aranges
                0x0000000000000108       0x40 libs/print.o
 .debug_aranges
                0x0000000000000148       0x48 libs/controller.o

.debug_str      0x0000000000000000      0x51e
 .debug_str     0x0000000000000000       0x37 third_party/nugget/common/crt0/crt0.o
 .debug_str     0x0000000000000037      0x232 main.o
                                        0x291 (size before relaxing)
 .debug_str     0x0000000000000269       0x61 box.o
                                        0x257 (size before relaxing)
 .debug_str     0x00000000000002ca      0x172 libs/constants.o
                                        0x3ab (size before relaxing)
 .debug_str     0x000000000000043c       0x5d libs/print.o
                                        0x203 (size before relaxing)
 .debug_str     0x0000000000000499       0x85 libs/controller.o
                                        0x21f (size before relaxing)

.debug_loclists
                0x0000000000000000      0x6da
 .debug_loclists
                0x0000000000000000       0x3e main.o
 .debug_loclists
                0x000000000000003e       0x55 box.o
 .debug_loclists
                0x0000000000000093      0x55f libs/constants.o
 .debug_loclists
                0x00000000000005f2       0xb0 libs/print.o
 .debug_loclists
                0x00000000000006a2       0x38 libs/controller.o

.debug_rnglists
                0x0000000000000000      0x168
 .debug_rnglists
                0x0000000000000000       0x26 main.o
 .debug_rnglists
                0x0000000000000026       0x26 box.o
 .debug_rnglists
                0x000000000000004c       0x75 libs/constants.o
 .debug_rnglists
                0x00000000000000c1       0x3c libs/print.o
 .debug_rnglists
                0x00000000000000fd       0x6b libs/controller.o

.debug_frame    0x0000000000000000      0x3cc
 .debug_frame   0x0000000000000000       0x7c main.o
 .debug_frame   0x000000000000007c       0x8c box.o
 .debug_frame   0x0000000000000108      0x198 libs/constants.o
 .debug_frame   0x00000000000002a0       0xa4 libs/print.o
 .debug_frame   0x0000000000000344       0x88 libs/controller.o
